Microchip MPLAB XC8 Compiler V1.34 ()

Linker command line:

-W-3 --edf=C:\Program Files (x86)\Microchip\xc8\v1.34\dat\en_msgs.txt -cs \
  -h+dist/default/production\rfboot.X.production.sym \
  --cmf=dist/default/production\rfboot.X.production.cmf -z -Q18F27J53 \
  -oC:\Users\mauro\AppData\Local\Temp\sts.6 \
  -Mdist/default/production/rfboot.X.production.map -E1 -ver=XC8 \
  -ASTACK=060h-0eafh -pstack=STACK -ACODE=00h-03FFh -ACONST=00h-03FFh \
  -ACOMRAM=01h-05Fh -AABS1=00h-0EAFh -ABIGRAM=01h-0EAFh \
  -ARAM=060h-0FFh,0100h-01FFhx13,0E00h-0EAFh -ABANK0=060h-0FFh \
  -ABANK1=0100h-01FFh -ABANK2=0200h-02FFh -ABANK3=0300h-03FFh \
  -ABANK4=0400h-04FFh -ABANK5=0500h-05FFh -ABANK6=0600h-06FFh \
  -ABANK7=0700h-07FFh -ABANK8=0800h-08FFh -ABANK9=0900h-09FFh \
  -ABANK10=0A00h-0AFFh -ABANK11=0B00h-0BFFh -ABANK12=0C00h-0CFFh \
  -ABANK13=0D00h-0DFFh -ABANK14=0E00h-0EAFh \
  -ASFR=0EB0h-0EFFh,0F00h-0F5Fh,0F60h-0FFFh \
  -preset_vec=00h,intcode,intcodelo,powerup,init,end_init -pramtop=0F00h \
  -pconst=CONST -AFARRAM=00h-00h -ACONFIG=01FFF8h-01FFFFh -pconfig=CONFIG \
  -pjflash_buffer=01F800h \
  -prdata=COMRAM,nvrram=COMRAM,nvbit=COMRAM,rbss=COMRAM,rbit=COMRAM \
  -pfarbss=FARRAM,fardata=FARRAM,nvFARRAM=FARRAM \
  -pintsave_regs=BIGRAM,bigbss=BIGRAM,bigdata=BIGRAM -pbss=RAM \
  -pidata=CODE,irdata=CODE,ibigdata=CODE,ifardata=CODE -prparam=COMRAM \
  C:\Users\mauro\AppData\Local\Temp\sts.obj \
  dist/default/production\rfboot.X.production.obj 

Object code version is 3.11

Machine type is 18F27J53

Call graph: (short form)




                Name                               Link     Load   Length Selector   Space Scale
C:\Users\mauro\AppData\Local\Temp\sts.obj
                end_init                              0        0        4        0       0
                config                            1FFF8    1FFF8        8    1FFF8       0
dist/default/production\rfboot.X.production.obj
                text9                               236      236       68      11B       0
                text8                                A4       A4       46       52       0
                text7                                62       62       10       31       0
                text6                               134      134       50       9A       0
                text5                                EA       EA       4A       75       0
                text4                               29E      29E       6E      14F       0
                text3                                84       84       20       42       0
                text2                               184      184       52       C2       0
                text1                               1D6      1D6       60       EB       0
                cstackCOMRAM                         4A       4A       11        1       1
                bssCOMRAM                             1        1       49        1       1
                cinit                                72       72       12       39       0
                text0                               30C      30C       F4      186       0

TOTAL           Name                               Link     Load   Length     Space
        CLASS   STACK          

        CLASS   CODE           
                end_init                              0        0        4         0
                text9                               236      236       68         0
                text8                                A4       A4       46         0
                text7                                62       62       10         0
                text6                               134      134       50         0
                text5                                EA       EA       4A         0
                text4                               29E      29E       6E         0
                text3                                84       84       20         0
                text2                               184      184       52         0
                text1                               1D6      1D6       60         0
                cinit                                72       72       12         0
                text0                               30C      30C       F4         0

        CLASS   CONST          

        CLASS   COMRAM         
                cstackCOMRAM                         4A       4A       11         1
                bssCOMRAM                             1        1       49         1

        CLASS   ABS1           

        CLASS   BIGRAM         

        CLASS   RAM            

        CLASS   BANK0          

        CLASS   BANK1          

        CLASS   BANK2          

        CLASS   BANK3          

        CLASS   BANK4          

        CLASS   BANK5          

        CLASS   BANK6          

        CLASS   BANK7          

        CLASS   BANK8          

        CLASS   BANK9          

        CLASS   BANK10         

        CLASS   BANK11         

        CLASS   BANK12         

        CLASS   BANK13         

        CLASS   BANK14         

        CLASS   SFR            

        CLASS   FARRAM         

        CLASS   CONFIG         
                config                            1FFF8    1FFF8        8         0

        CLASS   MEDIUMCONST    

        CLASS   SMALLCONST     

        CLASS   IDLOC          



SEGMENTS        Name                           Load    Length   Top    Selector   Space  Class

                reset_vec                      000000  000004  000004         0       0  CODE    
                bssCOMRAM                      000001  00005A  00005B         1       1  COMRAM  
                text7                          000062  000010  000072        31       0  CODE    
                cinit                          000072  000012  000084        39       0  CODE    
                text3                          000084  000020  0000A4        42       0  CODE    
                text8                          0000A4  000046  0000EA        52       0  CODE    
                text5                          0000EA  00004A  000134        75       0  CODE    
                text6                          000134  000050  000184        9A       0  CODE    
                text2                          000184  000052  0001D6        C2       0  CODE    
                text1                          0001D6  000060  000236        EB       0  CODE    
                text9                          000236  000068  00029E       11B       0  CODE    
                text4                          00029E  00006E  00030C       14F       0  CODE    
                text0                          00030C  0000F4  000400       186       0  CODE    
                config                         01FFF8  000008  020000     1FFF8       0  CONFIG  


UNUSED ADDRESS RANGES

        Name                Unused          Largest block    Delta
        BANK0            00060-000FF              A0
        BANK1            00100-001FF             100
        BANK10           00A00-00AFF             100
        BANK11           00B00-00BFF             100
        BANK12           00C00-00CFF             100
        BANK13           00D00-00DFF             100
        BANK14           00E00-00EAF              B0
        BANK2            00200-002FF             100
        BANK3            00300-003FF             100
        BANK4            00400-004FF             100
        BANK5            00500-005FF             100
        BANK6            00600-006FF             100
        BANK7            00700-007FF             100
        BANK8            00800-008FF             100
        BANK9            00900-009FF             100
        BIGRAM           0005B-00EAF             E55
        CODE             00004-00061              5E
        COMRAM           0005B-0005F               5
        CONST            00004-00061              5E
        RAM              00060-00EAF             100
        SFR              00EB0-00FFF              60
        STACK            00060-00EAF             E50

                                  Symbol Table

Open2USART@config                cstackCOMRAM  0004C
Open2USART@spbrg                 cstackCOMRAM  0004A
_ANCON0                          (abs)         00F48
_ANCON1                          (abs)         00F49
_EECON2                          (abs)         00FA7
_FlashData                       bssCOMRAM     00001
_LATAbits                        (abs)         00F89
_OSCCONbits                      (abs)         00FD3
_Open2USART                      text9         00236
_PIE3bits                        (abs)         00FA3
_PIR3bits                        (abs)         00FA4
_PPSCONbits                      (abs)         00EBF
_RCREG2                          (abs)         00FAA
_RCSTA2                          (abs)         00F9C
_RCSTA2bits                      (abs)         00F9C
_RPINR16                         (abs)         00EF7
_RPOR3                           (abs)         00EC3
_SPBRG2                          (abs)         00FAB
_SPBRGH2                         (abs)         00F7D
_TABLAT                          (abs)         00FF5
_TBLPTRH                         (abs)         00FF7
_TBLPTRL                         (abs)         00FF6
_TBLPTRU                         (abs)         00FF8
_TRISA                           (abs)         00F92
_TRISB                           (abs)         00F93
_TX2IF                           (abs)         07D24
_TXREG2                          (abs)         00FA9
_TXSTA2                          (abs)         00FA8
_TXSTA2bits                      (abs)         00FA8
__CFG_ADCSEL$BIT12               (abs)         00000
__CFG_CFGPLLEN$ON                (abs)         00000
__CFG_CLKOEC$OFF                 (abs)         00000
__CFG_CP0$OFF                    (abs)         00000
__CFG_CPUDIV$OSC1                (abs)         00000
__CFG_DSBOREN$ON                 (abs)         00000
__CFG_DSWDTEN$ON                 (abs)         00000
__CFG_DSWDTOSC$INTOSCREF         (abs)         00000
__CFG_DSWDTPS$G2                 (abs)         00000
__CFG_FCMEN$OFF                  (abs)         00000
__CFG_IESO$ON                    (abs)         00000
__CFG_IOL1WAY$ON                 (abs)         00000
__CFG_LS48MHZ$SYS48X8            (abs)         00000
__CFG_MSSP7B_EN$MSK7             (abs)         00000
__CFG_OSC$INTOSC                 (abs)         00000
__CFG_PLLDIV$4                   (abs)         00000
__CFG_RTCOSC$T1OSCREF            (abs)         00000
__CFG_SOSCSEL$HIGH               (abs)         00000
__CFG_STVREN$ON                  (abs)         00000
__CFG_WDTEN$OFF                  (abs)         00000
__CFG_WDTPS$32768                (abs)         00000
__CFG_WPCFG$OFF                  (abs)         00000
__CFG_WPDIS$OFF                  (abs)         00000
__CFG_WPEND$PAGE_WPFP            (abs)         00000
__CFG_WPFP$PAGE_127              (abs)         00000
__CFG_XINST$OFF                  (abs)         00000
__HRAM                           (abs)         00000
__Habs1                          abs1          00000
__Hbank0                         bank0         00000
__Hbank1                         bank1         00000
__Hbank10                        bank10        00000
__Hbank11                        bank11        00000
__Hbank12                        bank12        00000
__Hbank13                        bank13        00000
__Hbank14                        bank14        00000
__Hbank2                         bank2         00000
__Hbank3                         bank3         00000
__Hbank4                         bank4         00000
__Hbank5                         bank5         00000
__Hbank6                         bank6         00000
__Hbank7                         bank7         00000
__Hbank8                         bank8         00000
__Hbank9                         bank9         00000
__Hbigbss                        bigbss        00000
__Hbigdata                       bigdata       00000
__Hbigram                        bigram        00000
__Hbss                           bss           00000
__HbssCOMRAM                     bssCOMRAM     00000
__Hcinit                         cinit         00000
__Hclrtext                       clrtext       00000
__Hcomram                        comram        00000
__Hconfig                        config        20000
__Hconst                         const         00000
__HcstackCOMRAM                  cstackCOMRAM  00000
__Hdata                          data          00000
__Hend_init                      end_init      00004
__Hfarbss                        farbss        00000
__Hfardata                       fardata       00000
__Hibigdata                      ibigdata      00000
__Hidata                         idata         00000
__Hidloc                         idloc         00000
__Hifardata                      ifardata      00000
__Hinit                          init          00000
__Hintcode                       intcode       00000
__Hintcode_body                  intcode_body  00000
__Hintcodelo                     intcodelo     00000
__Hintentry                      intentry      00000
__Hintret                        intret        00000
__Hintsave_regs                  intsave_regs  00000
__Hirdata                        irdata        00000
__Hjflash_buffer                 jflash_buffer 1F800
__Hmediumconst                   mediumconst   00000
__HnvFARRAM                      nvFARRAM      00000
__Hnvbit                         nvbit         00000
__Hnvrram                        nvrram        00000
__Hparam                         rparam        00000
__Hpowerup                       powerup       00000
__Hram                           ram           00000
__Hramtop                        ramtop        00F00
__Hrbit                          rbit          00000
__Hrbss                          rbss          00000
__Hrdata                         rdata         00000
__Hreset_vec                     reset_vec     00000
__Hrparam                        rparam        00000
__Hsfr                           sfr           00000
__Hsmallconst                    smallconst    00000
__Hspace_0                       (abs)         20000
__Hspace_1                       (abs)         0005B
__Hspace_2                       (abs)         00000
__Hstack                         stack         00000
__Hstruct                        struct        00000
__Htemp                          temp          00000
__Htext                          text          00000
__Htext0                         text0         00000
__Htext1                         text1         00000
__Htext2                         text2         00000
__Htext3                         text3         00000
__Htext4                         text4         00000
__Htext5                         text5         00000
__Htext6                         text6         00000
__Htext7                         text7         00000
__Htext8                         text8         00000
__Htext9                         text9         00000
__LRAM                           (abs)         00001
__Labs1                          abs1          00000
__Lbank0                         bank0         00000
__Lbank1                         bank1         00000
__Lbank10                        bank10        00000
__Lbank11                        bank11        00000
__Lbank12                        bank12        00000
__Lbank13                        bank13        00000
__Lbank14                        bank14        00000
__Lbank2                         bank2         00000
__Lbank3                         bank3         00000
__Lbank4                         bank4         00000
__Lbank5                         bank5         00000
__Lbank6                         bank6         00000
__Lbank7                         bank7         00000
__Lbank8                         bank8         00000
__Lbank9                         bank9         00000
__Lbigbss                        bigbss        00000
__Lbigdata                       bigdata       00000
__Lbigram                        bigram        00000
__Lbss                           bss           00000
__LbssCOMRAM                     bssCOMRAM     00000
__Lcinit                         cinit         00000
__Lclrtext                       clrtext       00000
__Lcomram                        comram        00000
__Lconfig                        config        1FFF8
__Lconst                         const         00000
__LcstackCOMRAM                  cstackCOMRAM  00000
__Ldata                          data          00000
__Lend_init                      end_init      00000
__Lfarbss                        farbss        00000
__Lfardata                       fardata       00000
__Libigdata                      ibigdata      00000
__Lidata                         idata         00000
__Lidloc                         idloc         00000
__Lifardata                      ifardata      00000
__Linit                          init          00000
__Lintcode                       intcode       00000
__Lintcode_body                  intcode_body  00000
__Lintcodelo                     intcodelo     00000
__Lintentry                      intentry      00000
__Lintret                        intret        00000
__Lintsave_regs                  intsave_regs  00000
__Lirdata                        irdata        00000
__Ljflash_buffer                 jflash_buffer 1F800
__Lmediumconst                   mediumconst   00000
__LnvFARRAM                      nvFARRAM      00000
__Lnvbit                         nvbit         00000
__Lnvrram                        nvrram        00000
__Lparam                         rparam        00000
__Lpowerup                       powerup       00000
__Lram                           ram           00000
__Lramtop                        ramtop        00F00
__Lrbit                          rbit          00000
__Lrbss                          rbss          00000
__Lrdata                         rdata         00000
__Lreset_vec                     reset_vec     00000
__Lrparam                        rparam        00000
__Lsfr                           sfr           00000
__Lsmallconst                    smallconst    00000
__Lspace_0                       (abs)         00000
__Lspace_1                       (abs)         00000
__Lspace_2                       (abs)         00000
__Lstack                         stack         00000
__Lstruct                        struct        00000
__Ltemp                          temp          00000
__Ltext                          text          00000
__Ltext0                         text0         00000
__Ltext1                         text1         00000
__Ltext2                         text2         00000
__Ltext3                         text3         00000
__Ltext4                         text4         00000
__Ltext5                         text5         00000
__Ltext6                         text6         00000
__Ltext7                         text7         00000
__Ltext8                         text8         00000
__Ltext9                         text9         00000
__S0                             (abs)         20000
__S1                             (abs)         0005B
__S2                             (abs)         00000
___inthi_sp                      stack         00000
___intlo_sp                      stack         00000
___param_bank                    (abs)         00010
___rparam_used                   (abs)         00001
___sp                            stack         00000
__accesstop                      (abs)         00060
__activetblptr                   (abs)         00000
__end_of_Open2USART              text9         0029E
__end_of__initialization         cinit         0007E
__end_of_init                    text8         000EA
__end_of_main                    text0         00400
__end_of_putch                   text7         00072
__end_of_u8GetCodeLen            text5         00134
__end_of_u8GetDataBlock          text4         0030C
__end_of_u8getch                 text6         00184
__end_of_vEraseBlock             text3         000A4
__end_of_vEraseFlash             text2         001D6
__end_of_vWriteFlashBlock        text1         00236
__initialization                 cinit         00072
__pbssCOMRAM                     bssCOMRAM     00001
__pcinit                         cinit         00072
__pcstackCOMRAM                  cstackCOMRAM  0004A
__ptext0                         text0         0030C
__ptext1                         text1         001D6
__ptext2                         text2         00184
__ptext3                         text3         00084
__ptext4                         text4         0029E
__ptext5                         text5         000EA
__ptext6                         text6         00134
__ptext7                         text7         00062
__ptext8                         text8         000A4
__ptext9                         text9         00236
__ramtop                         ramtop        00F00
__size_of_Open2USART             (abs)         00000
__size_of_init                   (abs)         00000
__size_of_main                   (abs)         00000
__size_of_putch                  (abs)         00000
__size_of_u8GetCodeLen           (abs)         00000
__size_of_u8GetDataBlock         (abs)         00000
__size_of_u8getch                (abs)         00000
__size_of_vEraseBlock            (abs)         00000
__size_of_vEraseFlash            (abs)         00000
__size_of_vWriteFlashBlock       (abs)         00000
_address                         bssCOMRAM     00041
_currentSysState                 bssCOMRAM     00045
_init                            text8         000A4
_main                            text0         0030C
_putch                           text7         00062
_u32CodeLen                      bssCOMRAM     00046
_u8GetCodeLen                    text5         000EA
_u8GetDataBlock                  text4         0029E
_u8getch                         text6         00134
_vEraseBlock                     text3         00084
_vEraseFlash                     text2         00184
_vWriteFlashBlock                text1         001D6
end_of_initialization            cinit         0007E
intlevel0                        text          00000
intlevel1                        text          00000
intlevel2                        text          00000
intlevel3                        text          00000
main@ch                          cstackCOMRAM  00057
main@counter                     cstackCOMRAM  00058
main@datablocklen                cstackCOMRAM  0005A
main@err                         cstackCOMRAM  00059
putch@c                          cstackCOMRAM  0004A
stackhi                          (abs)         00EAF
stacklo                          (abs)         00060
start                            init          00000
start_initialization             cinit         00072
u8GetCodeLen@err                 cstackCOMRAM  00050
u8GetCodeLen@j                   cstackCOMRAM  00051
u8GetDataBlock@ch                cstackCOMRAM  00050
u8GetDataBlock@datablocklen      cstackCOMRAM  00051
u8GetDataBlock@err               cstackCOMRAM  00052
u8GetDataBlock@j                 cstackCOMRAM  0004F
u8getch@ch                       cstackCOMRAM  0004C
u8getch@error                    cstackCOMRAM  0004A
u8getch@i                        cstackCOMRAM  0004D
vEraseBlock@addr                 cstackCOMRAM  0004A
vWriteFlashBlock@addr            cstackCOMRAM  0004A
vWriteFlashBlock@i               cstackCOMRAM  0004F
vWriteFlashBlock@u8FlashBlockLen cstackCOMRAM  0004E


FUNCTION INFORMATION:

 *************** function _main *****************
 Defined at:
		line 82 in file "main.c"
 Parameters:    Size  Location     Type
		None
 Auto vars:     Size  Location     Type
  datablocklen    1   16[COMRAM] unsigned char 
  err             1   15[COMRAM] unsigned char 
  counter         1   14[COMRAM] unsigned char 
  ch              1   13[COMRAM] unsigned char 
 Return value:  Size  Location     Type
		None               void
 Registers used:
		wreg, fsr2l, fsr2h, status,2, status,0, prodl, prodh, cstack
 Tracked objects:
		On entry : 
		On exit  : 
		Unchanged: 
 Data sizes:     COMRAM   BANK0   BANK1   BANK2   BANK3   BANK4   BANK5   BANK6   BANK7   BANK8   BANK9  BANK10  BANK11  BANK12  BANK13  BANK14
      Params:         0       0       0       0       0       0       0       0       0       0       0       0       0       0       0       0
      Locals:         4       0       0       0       0       0       0       0       0       0       0       0       0       0       0       0
      Temps:          4       0       0       0       0       0       0       0       0       0       0       0       0       0       0       0
      Totals:         8       0       0       0       0       0       0       0       0       0       0       0       0       0       0       0
Total ram usage:        8 bytes
 Hardware stack levels required when called:    2
 This function calls:
		_init
		_putch
		_u8GetCodeLen
		_u8GetDataBlock
		_u8getch
		_vEraseFlash
		_vWriteFlashBlock
 This function is called by:
		Startup code after reset
 This function uses a non-reentrant model


 *************** function _vWriteFlashBlock *****************
 Defined at:
		line 247 in file "main.c"
 Parameters:    Size  Location     Type
  addr            4    0[COMRAM] unsigned long 
  u8FlashBlock    1    4[COMRAM] unsigned char 
 Auto vars:     Size  Location     Type
  i               1    5[COMRAM] unsigned char 
 Return value:  Size  Location     Type
		None               void
 Registers used:
		wreg, fsr2l, fsr2h, status,2, status,0, prodl, prodh
 Tracked objects:
		On entry : 
		On exit  : 
		Unchanged: 
 Data sizes:     COMRAM   BANK0   BANK1   BANK2   BANK3   BANK4   BANK5   BANK6   BANK7   BANK8   BANK9  BANK10  BANK11  BANK12  BANK13  BANK14
      Params:         5       0       0       0       0       0       0       0       0       0       0       0       0       0       0       0
      Locals:         1       0       0       0       0       0       0       0       0       0       0       0       0       0       0       0
      Temps:          0       0       0       0       0       0       0       0       0       0       0       0       0       0       0       0
      Totals:         6       0       0       0       0       0       0       0       0       0       0       0       0       0       0       0
Total ram usage:        6 bytes
 Hardware stack levels used:    1
 This function calls:
		Nothing
 This function is called by:
		_main
 This function uses a non-reentrant model


 *************** function _vEraseFlash *****************
 Defined at:
		line 297 in file "main.c"
 Parameters:    Size  Location     Type
		None
 Auto vars:     Size  Location     Type
		None
 Return value:  Size  Location     Type
		None               void
 Registers used:
		wreg, status,2, status,0, cstack
 Tracked objects:
		On entry : 
		On exit  : 
		Unchanged: 
 Data sizes:     COMRAM   BANK0   BANK1   BANK2   BANK3   BANK4   BANK5   BANK6   BANK7   BANK8   BANK9  BANK10  BANK11  BANK12  BANK13  BANK14
      Params:         0       0       0       0       0       0       0       0       0       0       0       0       0       0       0       0
      Locals:         0       0       0       0       0       0       0       0       0       0       0       0       0       0       0       0
      Temps:          0       0       0       0       0       0       0       0       0       0       0       0       0       0       0       0
      Totals:         0       0       0       0       0       0       0       0       0       0       0       0       0       0       0       0
Total ram usage:        0 bytes
 Hardware stack levels used:    1
 Hardware stack levels required when called:    1
 This function calls:
		_vEraseBlock
 This function is called by:
		_main
 This function uses a non-reentrant model


 *************** function _vEraseBlock *****************
 Defined at:
		line 303 in file "main.c"
 Parameters:    Size  Location     Type
  addr            4    0[COMRAM] unsigned long 
 Auto vars:     Size  Location     Type
		None
 Return value:  Size  Location     Type
		None               void
 Registers used:
		None
 Tracked objects:
		On entry : 
		On exit  : 
		Unchanged: 
 Data sizes:     COMRAM   BANK0   BANK1   BANK2   BANK3   BANK4   BANK5   BANK6   BANK7   BANK8   BANK9  BANK10  BANK11  BANK12  BANK13  BANK14
      Params:         4       0       0       0       0       0       0       0       0       0       0       0       0       0       0       0
      Locals:         0       0       0       0       0       0       0       0       0       0       0       0       0       0       0       0
      Temps:          0       0       0       0       0       0       0       0       0       0       0       0       0       0       0       0
      Totals:         4       0       0       0       0       0       0       0       0       0       0       0       0       0       0       0
Total ram usage:        4 bytes
 Hardware stack levels used:    1
 This function calls:
		Nothing
 This function is called by:
		_vEraseFlash
 This function uses a non-reentrant model


 *************** function _u8GetDataBlock *****************
 Defined at:
		line 142 in file "main.c"
 Parameters:    Size  Location     Type
		None
 Auto vars:     Size  Location     Type
  err             1    8[COMRAM] unsigned char 
  datablocklen    1    7[COMRAM] unsigned char 
  ch              1    6[COMRAM] unsigned char 
  j               1    5[COMRAM] unsigned char 
 Return value:  Size  Location     Type
                  1    wreg      unsigned char 
 Registers used:
		wreg, fsr2l, fsr2h, status,2, status,0, prodl, prodh, cstack
 Tracked objects:
		On entry : 
		On exit  : 
		Unchanged: 
 Data sizes:     COMRAM   BANK0   BANK1   BANK2   BANK3   BANK4   BANK5   BANK6   BANK7   BANK8   BANK9  BANK10  BANK11  BANK12  BANK13  BANK14
      Params:         0       0       0       0       0       0       0       0       0       0       0       0       0       0       0       0
      Locals:         4       0       0       0       0       0       0       0       0       0       0       0       0       0       0       0
      Temps:          0       0       0       0       0       0       0       0       0       0       0       0       0       0       0       0
      Totals:         4       0       0       0       0       0       0       0       0       0       0       0       0       0       0       0
Total ram usage:        4 bytes
 Hardware stack levels used:    1
 Hardware stack levels required when called:    1
 This function calls:
		_putch
		_u8getch
 This function is called by:
		_main
 This function uses a non-reentrant model


 *************** function _u8GetCodeLen *****************
 Defined at:
		line 202 in file "main.c"
 Parameters:    Size  Location     Type
		None
 Auto vars:     Size  Location     Type
  j               1    7[COMRAM] unsigned char 
  err             1    6[COMRAM] unsigned char 
 Return value:  Size  Location     Type
                  1    wreg      unsigned char 
 Registers used:
		wreg, fsr2l, fsr2h, status,2, status,0, prodl, prodh, cstack
 Tracked objects:
		On entry : 
		On exit  : 
		Unchanged: 
 Data sizes:     COMRAM   BANK0   BANK1   BANK2   BANK3   BANK4   BANK5   BANK6   BANK7   BANK8   BANK9  BANK10  BANK11  BANK12  BANK13  BANK14
      Params:         0       0       0       0       0       0       0       0       0       0       0       0       0       0       0       0
      Locals:         2       0       0       0       0       0       0       0       0       0       0       0       0       0       0       0
      Temps:          1       0       0       0       0       0       0       0       0       0       0       0       0       0       0       0
      Totals:         3       0       0       0       0       0       0       0       0       0       0       0       0       0       0       0
Total ram usage:        3 bytes
 Hardware stack levels used:    1
 Hardware stack levels required when called:    1
 This function calls:
		_putch
		_u8getch
 This function is called by:
		_main
 This function uses a non-reentrant model


 *************** function _u8getch *****************
 Defined at:
		line 281 in file "main.c"
 Parameters:    Size  Location     Type
  error           2    0[COMRAM] PTR unsigned char 
		 -> u8GetCodeLen@err(1), u8GetDataBlock@err(1), main@err(1), 
 Auto vars:     Size  Location     Type
  i               2    3[COMRAM] unsigned int 
  ch              1    2[COMRAM] unsigned char 
 Return value:  Size  Location     Type
                  1    wreg      unsigned char 
 Registers used:
		wreg, fsr2l, fsr2h, status,2, status,0
 Tracked objects:
		On entry : 
		On exit  : 
		Unchanged: 
 Data sizes:     COMRAM   BANK0   BANK1   BANK2   BANK3   BANK4   BANK5   BANK6   BANK7   BANK8   BANK9  BANK10  BANK11  BANK12  BANK13  BANK14
      Params:         2       0       0       0       0       0       0       0       0       0       0       0       0       0       0       0
      Locals:         3       0       0       0       0       0       0       0       0       0       0       0       0       0       0       0
      Temps:          0       0       0       0       0       0       0       0       0       0       0       0       0       0       0       0
      Totals:         5       0       0       0       0       0       0       0       0       0       0       0       0       0       0       0
Total ram usage:        5 bytes
 Hardware stack levels used:    1
 This function calls:
		Nothing
 This function is called by:
		_main
		_u8GetDataBlock
		_u8GetCodeLen
 This function uses a non-reentrant model


 *************** function _putch *****************
 Defined at:
		line 274 in file "main.c"
 Parameters:    Size  Location     Type
  c               1    wreg     unsigned char 
 Auto vars:     Size  Location     Type
  c               1    0[COMRAM] unsigned char 
 Return value:  Size  Location     Type
		None               void
 Registers used:
		wreg
 Tracked objects:
		On entry : 
		On exit  : 
		Unchanged: 
 Data sizes:     COMRAM   BANK0   BANK1   BANK2   BANK3   BANK4   BANK5   BANK6   BANK7   BANK8   BANK9  BANK10  BANK11  BANK12  BANK13  BANK14
      Params:         0       0       0       0       0       0       0       0       0       0       0       0       0       0       0       0
      Locals:         1       0       0       0       0       0       0       0       0       0       0       0       0       0       0       0
      Temps:          0       0       0       0       0       0       0       0       0       0       0       0       0       0       0       0
      Totals:         1       0       0       0       0       0       0       0       0       0       0       0       0       0       0       0
Total ram usage:        1 bytes
 Hardware stack levels used:    1
 This function calls:
		Nothing
 This function is called by:
		_main
		_u8GetDataBlock
		_u8GetCodeLen
 This function uses a non-reentrant model


 *************** function _init *****************
 Defined at:
		line 217 in file "main.c"
 Parameters:    Size  Location     Type
		None
 Auto vars:     Size  Location     Type
		None
 Return value:  Size  Location     Type
		None               void
 Registers used:
		wreg, status,2, cstack
 Tracked objects:
		On entry : 
		On exit  : 
		Unchanged: 
 Data sizes:     COMRAM   BANK0   BANK1   BANK2   BANK3   BANK4   BANK5   BANK6   BANK7   BANK8   BANK9  BANK10  BANK11  BANK12  BANK13  BANK14
      Params:         0       0       0       0       0       0       0       0       0       0       0       0       0       0       0       0
      Locals:         0       0       0       0       0       0       0       0       0       0       0       0       0       0       0       0
      Temps:          0       0       0       0       0       0       0       0       0       0       0       0       0       0       0       0
      Totals:         0       0       0       0       0       0       0       0       0       0       0       0       0       0       0       0
Total ram usage:        0 bytes
 Hardware stack levels used:    1
 Hardware stack levels required when called:    1
 This function calls:
		_Open2USART
 This function is called by:
		_main
 This function uses a non-reentrant model


 *************** function _Open2USART *****************
 Defined at:
		line 118 in file "C:\Program Files (x86)\Microchip\xc8\v1.34\sources\pic18\plib\USART\u2open.c"
 Parameters:    Size  Location     Type
  config          1    wreg     unsigned char 
  spbrg           2    0[COMRAM] unsigned int 
 Auto vars:     Size  Location     Type
  config          1    2[COMRAM] unsigned char 
 Return value:  Size  Location     Type
		None               void
 Registers used:
		wreg, status,2
 Tracked objects:
		On entry : 
		On exit  : 
		Unchanged: 
 Data sizes:     COMRAM   BANK0   BANK1   BANK2   BANK3   BANK4   BANK5   BANK6   BANK7   BANK8   BANK9  BANK10  BANK11  BANK12  BANK13  BANK14
      Params:         2       0       0       0       0       0       0       0       0       0       0       0       0       0       0       0
      Locals:         1       0       0       0       0       0       0       0       0       0       0       0       0       0       0       0
      Temps:          0       0       0       0       0       0       0       0       0       0       0       0       0       0       0       0
      Totals:         3       0       0       0       0       0       0       0       0       0       0       0       0       0       0       0
Total ram usage:        3 bytes
 Hardware stack levels used:    1
 This function calls:
		Nothing
 This function is called by:
		_init
 This function uses a non-reentrant model



MODULE INFORMATION

Module		Function		Class		Link	Load	Size
C:\Program Files (x86)\Microchip\xc8\v1.34\sources\pic18\plib\USART\u2open.c
		_Open2USART    		CODE           	0236	0000	105

C:\Program Files (x86)\Microchip\xc8\v1.34\sources\pic18\plib\USART\u2open.c estimated size: 105

shared
		__initializatio		CODE           	0072	0000	13

shared estimated size: 13

main.c
		_vEraseBlock   		CODE           	0084	0000	33
		_init          		CODE           	00A4	0000	71
		_vWriteFlashBlo		CODE           	01D6	0000	97
		_putch         		CODE           	0062	0000	17
		_u8getch       		CODE           	0134	0000	81
		_main          		CODE           	030C	0000	245
		_u8GetDataBlock		CODE           	029E	0000	111
		_u8GetCodeLen  		CODE           	00EA	0000	75
		_vEraseFlash   		CODE           	0184	0000	83

main.c estimated size: 813

